2024-12-26 21:36:48,587 - DEBUG - Starting main function
2024-12-26 21:36:48,588 - DEBUG - Initializing data processing
2024-12-26 21:36:48,588 - DEBUG - Loading datasets
2024-12-26 21:36:48,694 - DEBUG - Loaded backend macosx version unknown.
2024-12-26 21:36:50,983 - DEBUG - Initialized processData with 5815 images, 5815 GeoJSON files, and 5815 auxiliary files.
2024-12-26 21:36:51,683 - DEBUG - Initialized processData with 2710 images, 2710 GeoJSON files, and 2710 auxiliary files.
2024-12-26 21:36:51,683 - DEBUG - Reducing dataset size
2024-12-26 21:36:51,684 - DEBUG - Dataset length: 5815
2024-12-26 21:36:51,900 - DEBUG - Dataset length: 2710
2024-12-26 21:36:52,100 - DEBUG - Dataset length: 5815
2024-12-26 21:36:52,316 - DEBUG - Dataset length: 5815
2024-12-26 21:36:52,569 - DEBUG - Dataset length: 2710
2024-12-26 21:36:52,821 - DEBUG - Dataset length: 2710
2024-12-26 21:36:53,084 - DEBUG - Initializing model and optimizer
2024-12-26 21:36:53,085 - INFO - Using device: cpu
2024-12-26 21:36:56,719 - DEBUG - Starting training loop
2024-12-26 21:36:56,719 - DEBUG - Starting epoch 1/1
2024-12-26 21:36:56,719 - DEBUG - Starting training for epoch 1/1
2024-12-26 21:36:56,742 - DEBUG - Processing index 1765:
2024-12-26 21:36:56,742 - DEBUG - Image path: ./data/raw/train/PS-RGB_tiled/23_104001001E51BE00_tile_2659.png
2024-12-26 21:36:56,743 - DEBUG - Label path: ./data/raw/train/geojson_aircraft_tiled/23_104001001E51BE00_tile_2659.geojson
2024-12-26 21:36:56,743 - DEBUG - Auxiliary path: ./data/raw/train/PS-RGB_tiled/23_104001001E51BE00_tile_2659.png.aux.xml
2024-12-26 21:36:56,743 - DEBUG - Parsing GeoTransform from: ./data/raw/train/PS-RGB_tiled/23_104001001E51BE00_tile_2659.png.aux.xml
2024-12-26 21:36:56,743 - DEBUG - GeoTransform parsed: [12.268134317052846, 2.8656257563412734e-06, 0.0, 41.81091888006895, 0.0, -2.8656257563412734e-06]
2024-12-26 21:36:58,086 - DEBUG - Reading GeoJSON from: ./data/raw/train/geojson_aircraft_tiled/23_104001001E51BE00_tile_2659.geojson
2024-12-26 21:36:58,089 - DEBUG - First feature coordinates: [[[12.268975760426603, 41.80948301570336], [12.26918635236338, 41.809693607640135], [12.26948778788073, 41.80961377540267], [12.269348205454344, 41.8094516796817], [12.269134359066822, 41.8094516796817], [12.268975760426603, 41.80948301570336]]]
2024-12-26 21:36:58,091 - DEBUG - Feature properties: {'loc_id': 23, 'cat_id': '104001001E51BE00', 'location': 'Viale di Porto, Focene, Fiumicino, RM, Lazio, 00054, Italy', 'role': 'Medium Civil Transport/Utility', 'role_id': 2, 'is_plane': 1, 'num_engines': 2, 'propulsion': 'jet', 'canards': 'no', 'num_tail_fins': 1, 'wing_position': 'mid/low mounted', 'wing_type': 'swept', 'length': 44.96905316052393, 'wingspan': 32.74485345497954, 'area': 736.2200917239193, 'faa_wingspan_class': 3, 'Public_Train': 1, 'Public_Test': 0, 'partialDec': 0.9515762923203949, 'truncated': 1, 'new_area': 700.5695852144281}
2024-12-26 21:36:58,092 - DEBUG - GeoJSON Coords: [(12.268975760426603, 41.80948301570336), (12.26918635236338, 41.809693607640135), (12.26948778788073, 41.80961377540267), (12.269348205454344, 41.8094516796817), (12.269134359066822, 41.8094516796817), (12.268975760426603, 41.80948301570336)]
2024-12-26 21:36:58,092 - DEBUG - GeoJSON Features: [44.96905316052393, 32.74485345497954, 736.2200917239193, 1, 1, 0, 2, 1, 3]
2024-12-26 21:36:58,567 - DEBUG - Parsed GeoTransform: [12.268134317052846, 2.8656257563412734e-06, 0.0, 41.81091888006895, 0.0, -2.8656257563412734e-06]
2024-12-26 21:36:58,567 - DEBUG - Parsed GeoJSON coordinates: [(12.268975760426603, 41.80948301570336), (12.26918635236338, 41.809693607640135), (12.26948778788073, 41.80961377540267), (12.269348205454344, 41.8094516796817), (12.269134359066822, 41.8094516796817), (12.268975760426603, 41.80948301570336)]
2024-12-26 21:36:58,580 - DEBUG - STREAM b'IHDR' 16 13
2024-12-26 21:36:58,580 - DEBUG - STREAM b'tRNS' 41 6
2024-12-26 21:36:58,580 - DEBUG - STREAM b'IDAT' 59 8192
2024-12-26 21:36:58,595 - DEBUG - Loaded image size: 512x512
2024-12-26 21:36:58,595 - DEBUG - Converting GeoJSON to pixel bounding boxes.
2024-12-26 21:36:58,595 - DEBUG - Input Coordinates: [(12.268975760426603, 41.80948301570336), (12.26918635236338, 41.809693607640135), (12.26948778788073, 41.80961377540267), (12.269348205454344, 41.8094516796817), (12.269134359066822, 41.8094516796817)] ... (showing first 5 for brevity)
2024-12-26 21:36:58,595 - DEBUG - GeoTransform: [12.268134317052846, 2.8656257563412734e-06, 0.0, 41.81091888006895, 0.0, -2.8656257563412734e-06]
2024-12-26 21:36:58,595 - DEBUG - Image Dimensions: width=512, height=512
2024-12-26 21:36:58,596 - DEBUG - Converting geo-coordinates to pixel coordinates:
2024-12-26 21:36:58,596 - DEBUG - Inputs - lon: 12.268975760426603, lat: 41.80948301570336, geo_transform: [12.268134317052846, 2.8656257563412734e-06, 0.0, 41.81091888006895, 0.0, -2.8656257563412734e-06], image_width: 512, image_height: 512
2024-12-26 21:36:58,596 - DEBUG - Parsed GeoTransform - x_origin: 12.268134317052846, pixel_width: 2.8656257563412734e-06, y_origin: 41.81091888006895, pixel_height: -2.8656257563412734e-06
2024-12-26 21:36:58,596 - DEBUG - Computed pixel coordinates before clamping - x_pixel: 293, y_pixel: 501
2024-12-26 21:36:58,596 - DEBUG - Clamped pixel coordinates - x_pixel: 293, y_pixel: 501
2024-12-26 21:36:59,002 - DEBUG - Converting geo-coordinates to pixel coordinates:
2024-12-26 21:36:59,003 - DEBUG - Inputs - lon: 12.26918635236338, lat: 41.809693607640135, geo_transform: [12.268134317052846, 2.8656257563412734e-06, 0.0, 41.81091888006895, 0.0, -2.8656257563412734e-06], image_width: 512, image_height: 512
2024-12-26 21:36:59,003 - DEBUG - Parsed GeoTransform - x_origin: 12.268134317052846, pixel_width: 2.8656257563412734e-06, y_origin: 41.81091888006895, pixel_height: -2.8656257563412734e-06
2024-12-26 21:36:59,010 - DEBUG - Computed pixel coordinates before clamping - x_pixel: 367, y_pixel: 427
2024-12-26 21:36:59,010 - DEBUG - Clamped pixel coordinates - x_pixel: 367, y_pixel: 427
2024-12-26 21:36:59,292 - DEBUG - Converting geo-coordinates to pixel coordinates:
2024-12-26 21:36:59,293 - DEBUG - Inputs - lon: 12.26948778788073, lat: 41.80961377540267, geo_transform: [12.268134317052846, 2.8656257563412734e-06, 0.0, 41.81091888006895, 0.0, -2.8656257563412734e-06], image_width: 512, image_height: 512
2024-12-26 21:36:59,293 - DEBUG - Parsed GeoTransform - x_origin: 12.268134317052846, pixel_width: 2.8656257563412734e-06, y_origin: 41.81091888006895, pixel_height: -2.8656257563412734e-06
2024-12-26 21:36:59,293 - DEBUG - Computed pixel coordinates before clamping - x_pixel: 472, y_pixel: 455
2024-12-26 21:36:59,295 - DEBUG - Clamped pixel coordinates - x_pixel: 472, y_pixel: 455
2024-12-26 21:36:59,500 - DEBUG - Converting geo-coordinates to pixel coordinates:
2024-12-26 21:36:59,500 - DEBUG - Inputs - lon: 12.269348205454344, lat: 41.8094516796817, geo_transform: [12.268134317052846, 2.8656257563412734e-06, 0.0, 41.81091888006895, 0.0, -2.8656257563412734e-06], image_width: 512, image_height: 512
2024-12-26 21:36:59,501 - DEBUG - Parsed GeoTransform - x_origin: 12.268134317052846, pixel_width: 2.8656257563412734e-06, y_origin: 41.81091888006895, pixel_height: -2.8656257563412734e-06
2024-12-26 21:36:59,501 - DEBUG - Computed pixel coordinates before clamping - x_pixel: 423, y_pixel: 511
2024-12-26 21:36:59,501 - DEBUG - Clamped pixel coordinates - x_pixel: 423, y_pixel: 511
2024-12-26 21:36:59,700 - DEBUG - Converting geo-coordinates to pixel coordinates:
2024-12-26 21:36:59,700 - DEBUG - Inputs - lon: 12.269134359066822, lat: 41.8094516796817, geo_transform: [12.268134317052846, 2.8656257563412734e-06, 0.0, 41.81091888006895, 0.0, -2.8656257563412734e-06], image_width: 512, image_height: 512
2024-12-26 21:36:59,700 - DEBUG - Parsed GeoTransform - x_origin: 12.268134317052846, pixel_width: 2.8656257563412734e-06, y_origin: 41.81091888006895, pixel_height: -2.8656257563412734e-06
2024-12-26 21:36:59,700 - DEBUG - Computed pixel coordinates before clamping - x_pixel: 348, y_pixel: 511
2024-12-26 21:36:59,700 - DEBUG - Clamped pixel coordinates - x_pixel: 348, y_pixel: 511
2024-12-26 21:36:59,900 - DEBUG - Converting geo-coordinates to pixel coordinates:
2024-12-26 21:36:59,900 - DEBUG - Inputs - lon: 12.268975760426603, lat: 41.80948301570336, geo_transform: [12.268134317052846, 2.8656257563412734e-06, 0.0, 41.81091888006895, 0.0, -2.8656257563412734e-06], image_width: 512, image_height: 512
2024-12-26 21:36:59,900 - DEBUG - Parsed GeoTransform - x_origin: 12.268134317052846, pixel_width: 2.8656257563412734e-06, y_origin: 41.81091888006895, pixel_height: -2.8656257563412734e-06
2024-12-26 21:36:59,901 - DEBUG - Computed pixel coordinates before clamping - x_pixel: 293, y_pixel: 501
2024-12-26 21:36:59,901 - DEBUG - Clamped pixel coordinates - x_pixel: 293, y_pixel: 501
2024-12-26 21:37:00,100 - DEBUG - Pixel Coordinates: [(293, 501), (367, 427), (472, 455), (423, 511), (348, 511)] ... (showing first 5 for brevity)
2024-12-26 21:37:00,100 - DEBUG - Pixel Bounding Box: x_min=293, x_max=472, y_min=427, y_max=511
2024-12-26 21:37:00,317 - DEBUG - Pixel bounding box: (293, 427, 472, 511)
2024-12-26 21:37:00,317 - DEBUG - Input is a list. Converting to tensor.
2024-12-26 21:37:00,322 - DEBUG - Input Bounding Boxes (Corner Format): tensor([[293., 427., 472., 511.]])
2024-12-26 21:37:00,322 - DEBUG - x_min: 293.0, y_min: 427.0, x_max: 472.0, y_max: 511.0
2024-12-26 21:37:00,323 - DEBUG - Converted Bounding Boxes (Center Format): tensor([[382.5000, 469.0000, 179.0000,  84.0000]])
2024-12-26 21:37:00,517 - DEBUG - Normalized bounding box (cx, cy, w, h): tensor([[382.5000, 469.0000, 179.0000,  84.0000]])
2024-12-26 21:37:00,521 - DEBUG - Processed image tensor shape: torch.Size([3, 256, 256])
2024-12-26 21:37:00,522 - DEBUG - Processed bounding box tensor: tensor([[382.5000, 469.0000, 179.0000,  84.0000]], requires_grad=True)
2024-12-26 21:37:00,983 - DEBUG - Batch 1: Loading data
2024-12-26 21:37:00,983 - DEBUG - Batch 1: Data shapes - Images: torch.Size([1, 3, 256, 256]), Targets: torch.Size([1, 1, 4])
2024-12-26 21:37:00,984 - DEBUG - Batch 1: Forward pass
2024-12-26 21:37:01,016 - DEBUG - Batch 1: Output shape - torch.Size([1, 4])
2024-12-26 21:37:01,021 - DEBUG - Batch 1: Loss computed - 101061.546875
2024-12-26 21:37:01,021 - DEBUG - Batch 1: Backward pass
2024-12-26 21:37:01,051 - DEBUG - Batch 1: Optimizer step
2024-12-26 21:37:01,054 - DEBUG - Input bbox1 (Center Format): tensor([[0.3469, 0.6161, 0.4979, 0.5811]], grad_fn=<SigmoidBackward0>)
2024-12-26 21:37:01,054 - DEBUG - Input bbox2 (Center Format): tensor([[[382.5000, 469.0000, 179.0000,  84.0000]]], grad_fn=<StackBackward0>)
2024-12-26 21:37:01,055 - DEBUG - Input Bounding Boxes (Center Format): tensor([[0.3469, 0.6161, 0.4979, 0.5811]], grad_fn=<SigmoidBackward0>)
2024-12-26 21:37:01,055 - DEBUG - cx: 0.34690454602241516, cy: 0.6161208152770996, w: 0.497850626707077, h: 0.5810924768447876
2024-12-26 21:37:01,055 - DEBUG - Converted Bounding Boxes (Corner Format): tensor([[0.0980, 0.3256, 0.5958, 0.9067]], grad_fn=<CatBackward0>)
2024-12-26 21:37:03,522 - DEBUG - Input Bounding Boxes (Center Format): tensor([[[382.5000, 469.0000, 179.0000,  84.0000]]], grad_fn=<StackBackward0>)
