2024-12-26 21:12:27,117 - DEBUG - Starting main function
2024-12-26 21:12:27,117 - DEBUG - Initializing data processing
2024-12-26 21:12:27,118 - DEBUG - Loading datasets
2024-12-26 21:12:27,145 - DEBUG - Loaded backend macosx version unknown.
2024-12-26 21:13:06,354 - DEBUG - Initialized processData with 5815 images, 5815 GeoJSON files, and 5815 auxiliary files.
2024-12-26 21:13:19,404 - DEBUG - Initialized processData with 2710 images, 2710 GeoJSON files, and 2710 auxiliary files.
2024-12-26 21:13:19,405 - DEBUG - Reducing dataset size
2024-12-26 21:13:19,405 - DEBUG - Dataset length: 5815
2024-12-26 21:14:18,237 - DEBUG - Dataset length: 2710
2024-12-26 21:15:46,138 - DEBUG - Dataset length: 5815
2024-12-26 21:15:48,488 - DEBUG - Dataset length: 5815
2024-12-26 21:15:49,172 - DEBUG - Dataset length: 2710
2024-12-26 21:15:54,538 - DEBUG - Dataset length: 2710
2024-12-26 21:15:57,023 - DEBUG - Initializing model and optimizer
2024-12-26 21:15:57,024 - INFO - Using device: cpu
2024-12-26 21:15:57,253 - DEBUG - Starting training loop
2024-12-26 21:15:57,253 - DEBUG - Starting epoch 1/1
2024-12-26 21:15:57,253 - DEBUG - Starting training for epoch 1/1
2024-12-26 21:15:57,269 - DEBUG - Processing index 2226:
2024-12-26 21:15:57,270 - DEBUG - Image path: ./data/raw/train/PS-RGB_tiled/3_10400100202B8A00_tile_61.png
2024-12-26 21:15:57,270 - DEBUG - Label path: ./data/raw/train/geojson_aircraft_tiled/3_10400100202B8A00_tile_61.geojson
2024-12-26 21:15:57,270 - DEBUG - Auxiliary path: ./data/raw/train/PS-RGB_tiled/3_10400100202B8A00_tile_61.png.aux.xml
2024-12-26 21:15:57,270 - DEBUG - Parsing GeoTransform from: ./data/raw/train/PS-RGB_tiled/3_10400100202B8A00_tile_61.png.aux.xml
2024-12-26 21:15:57,271 - DEBUG - GeoTransform parsed: [-77.07912175226637, 3.491452070947535e-06, 0.0, 26.514250188101233, 0.0, -3.491452070947535e-06]
2024-12-26 21:18:16,885 - DEBUG - Reading GeoJSON from: ./data/raw/train/geojson_aircraft_tiled/3_10400100202B8A00_tile_61.geojson
2024-12-26 21:18:16,887 - DEBUG - First feature coordinates: [[[-77.07889831109426, 26.51291815795277], [-77.07882516875601, 26.512810355043495], [-77.07894007193724, 26.512733757942314], [-77.07901969336773, 26.512865065286622], [-77.07889831109426, 26.51291815795277]]]
2024-12-26 21:18:16,887 - DEBUG - Feature properties: {'loc_id': 3, 'cat_id': '10400100202B8A00', 'location': 'Central Abaco, AB20087, The Bahamas', 'role': 'Medium Civil Transport/Utility', 'role_id': 2, 'is_plane': 1, 'num_engines': 2, 'propulsion': 'propeller', 'canards': 'no', 'num_tail_fins': 1, 'wing_position': 'mid/low mounted', 'wing_type': 'straight', 'length': 20.85322666687592, 'wingspan': 20.31807141601407, 'area': 210.7476380743035, 'faa_wingspan_class': 2, 'Public_Train': 1, 'Public_Test': 0, 'partialDec': 1.0, 'truncated': 0, 'new_area': 210.7476380743035}
2024-12-26 21:18:16,887 - DEBUG - GeoJSON Coords: [(-77.07889831109426, 26.51291815795277), (-77.07882516875601, 26.512810355043495), (-77.07894007193724, 26.512733757942314), (-77.07901969336773, 26.512865065286622), (-77.07889831109426, 26.51291815795277)]
2024-12-26 21:18:16,888 - DEBUG - GeoJSON Features: [20.85322666687592, 20.31807141601407, 210.7476380743035, 0, 1, 0, 2, 1, 2]
2024-12-26 21:19:32,412 - DEBUG - Parsed GeoTransform: [-77.07912175226637, 3.491452070947535e-06, 0.0, 26.514250188101233, 0.0, -3.491452070947535e-06]
2024-12-26 21:19:32,413 - DEBUG - Parsed GeoJSON coordinates: [(-77.07889831109426, 26.51291815795277), (-77.07882516875601, 26.512810355043495), (-77.07894007193724, 26.512733757942314), (-77.07901969336773, 26.512865065286622), (-77.07889831109426, 26.51291815795277)]
2024-12-26 21:19:32,433 - DEBUG - STREAM b'IHDR' 16 13
2024-12-26 21:19:32,434 - DEBUG - STREAM b'tRNS' 41 6
2024-12-26 21:19:32,434 - DEBUG - STREAM b'IDAT' 59 8192
2024-12-26 21:19:32,450 - DEBUG - Loaded image size: 512x512
2024-12-26 21:19:32,450 - DEBUG - Converting GeoJSON to pixel bounding boxes.
2024-12-26 21:19:32,451 - DEBUG - Input Coordinates: [(-77.07889831109426, 26.51291815795277), (-77.07882516875601, 26.512810355043495), (-77.07894007193724, 26.512733757942314), (-77.07901969336773, 26.512865065286622), (-77.07889831109426, 26.51291815795277)] ... (showing first 5 for brevity)
2024-12-26 21:19:32,451 - DEBUG - GeoTransform: [-77.07912175226637, 3.491452070947535e-06, 0.0, 26.514250188101233, 0.0, -3.491452070947535e-06]
2024-12-26 21:19:32,451 - DEBUG - Image Dimensions: width=512, height=512
2024-12-26 21:19:32,451 - DEBUG - Converting geo-coordinates to pixel coordinates:
2024-12-26 21:19:32,451 - DEBUG - Inputs - lon: -77.07889831109426, lat: 26.51291815795277, geo_transform: [-77.07912175226637, 3.491452070947535e-06, 0.0, 26.514250188101233, 0.0, -3.491452070947535e-06], image_width: 512, image_height: 512
2024-12-26 21:19:32,451 - DEBUG - Parsed GeoTransform - x_origin: -77.07912175226637, pixel_width: 3.491452070947535e-06, y_origin: 26.514250188101233, pixel_height: -3.491452070947535e-06
2024-12-26 21:19:32,451 - DEBUG - Computed pixel coordinates before clamping - x_pixel: 63, y_pixel: 381
2024-12-26 21:19:32,451 - DEBUG - Clamped pixel coordinates - x_pixel: 63, y_pixel: 381
2024-12-26 21:21:05,818 - DEBUG - Converting geo-coordinates to pixel coordinates:
2024-12-26 21:21:05,820 - DEBUG - Inputs - lon: -77.07882516875601, lat: 26.512810355043495, geo_transform: [-77.07912175226637, 3.491452070947535e-06, 0.0, 26.514250188101233, 0.0, -3.491452070947535e-06], image_width: 512, image_height: 512
2024-12-26 21:21:05,821 - DEBUG - Parsed GeoTransform - x_origin: -77.07912175226637, pixel_width: 3.491452070947535e-06, y_origin: 26.514250188101233, pixel_height: -3.491452070947535e-06
2024-12-26 21:21:05,821 - DEBUG - Computed pixel coordinates before clamping - x_pixel: 84, y_pixel: 412
2024-12-26 21:21:05,822 - DEBUG - Clamped pixel coordinates - x_pixel: 84, y_pixel: 412
2024-12-26 21:21:22,019 - DEBUG - Converting geo-coordinates to pixel coordinates:
2024-12-26 21:21:22,020 - DEBUG - Inputs - lon: -77.07894007193724, lat: 26.512733757942314, geo_transform: [-77.07912175226637, 3.491452070947535e-06, 0.0, 26.514250188101233, 0.0, -3.491452070947535e-06], image_width: 512, image_height: 512
2024-12-26 21:21:22,020 - DEBUG - Parsed GeoTransform - x_origin: -77.07912175226637, pixel_width: 3.491452070947535e-06, y_origin: 26.514250188101233, pixel_height: -3.491452070947535e-06
2024-12-26 21:21:22,021 - DEBUG - Computed pixel coordinates before clamping - x_pixel: 52, y_pixel: 434
2024-12-26 21:21:22,022 - DEBUG - Clamped pixel coordinates - x_pixel: 52, y_pixel: 434
2024-12-26 21:21:22,836 - DEBUG - Converting geo-coordinates to pixel coordinates:
2024-12-26 21:21:22,837 - DEBUG - Inputs - lon: -77.07901969336773, lat: 26.512865065286622, geo_transform: [-77.07912175226637, 3.491452070947535e-06, 0.0, 26.514250188101233, 0.0, -3.491452070947535e-06], image_width: 512, image_height: 512
2024-12-26 21:21:22,838 - DEBUG - Parsed GeoTransform - x_origin: -77.07912175226637, pixel_width: 3.491452070947535e-06, y_origin: 26.514250188101233, pixel_height: -3.491452070947535e-06
2024-12-26 21:21:22,838 - DEBUG - Computed pixel coordinates before clamping - x_pixel: 29, y_pixel: 396
2024-12-26 21:21:22,838 - DEBUG - Clamped pixel coordinates - x_pixel: 29, y_pixel: 396
2024-12-26 21:21:23,434 - DEBUG - Converting geo-coordinates to pixel coordinates:
2024-12-26 21:21:23,435 - DEBUG - Inputs - lon: -77.07889831109426, lat: 26.51291815795277, geo_transform: [-77.07912175226637, 3.491452070947535e-06, 0.0, 26.514250188101233, 0.0, -3.491452070947535e-06], image_width: 512, image_height: 512
2024-12-26 21:21:23,436 - DEBUG - Parsed GeoTransform - x_origin: -77.07912175226637, pixel_width: 3.491452070947535e-06, y_origin: 26.514250188101233, pixel_height: -3.491452070947535e-06
2024-12-26 21:21:23,436 - DEBUG - Computed pixel coordinates before clamping - x_pixel: 63, y_pixel: 381
2024-12-26 21:21:23,436 - DEBUG - Clamped pixel coordinates - x_pixel: 63, y_pixel: 381
2024-12-26 21:21:24,118 - DEBUG - Pixel Coordinates: [(63, 381), (84, 412), (52, 434), (29, 396), (63, 381)] ... (showing first 5 for brevity)
2024-12-26 21:21:24,119 - DEBUG - Pixel Bounding Box: x_min=29, x_max=84, y_min=381, y_max=434
2024-12-26 21:21:39,902 - DEBUG - Pixel bounding box: (29, 381, 84, 434)
2024-12-26 21:21:39,905 - DEBUG - Input is a list. Converting to tensor.
2024-12-26 21:21:39,915 - DEBUG - Input Bounding Boxes (Corner Format): tensor([[ 29., 381.,  84., 434.]])
2024-12-26 21:21:39,916 - DEBUG - x_min: 29.0, y_min: 381.0, x_max: 84.0, y_max: 434.0
2024-12-26 21:21:39,917 - DEBUG - Converted Bounding Boxes (Center Format): tensor([[ 56.5000, 407.5000,  55.0000,  53.0000]])
2024-12-26 21:22:03,187 - DEBUG - Normalized bounding box (cx, cy, w, h): tensor([[ 56.5000, 407.5000,  55.0000,  53.0000]])
2024-12-26 21:22:03,194 - DEBUG - Processed image tensor shape: torch.Size([3, 256, 256])
2024-12-26 21:22:03,195 - DEBUG - Processed bounding box tensor: tensor([[ 56.5000, 407.5000,  55.0000,  53.0000]])
2024-12-26 21:24:00,073 - DEBUG - Batch 1: Loading data
2024-12-26 21:24:00,075 - DEBUG - Batch 1: Data shapes - Images: torch.Size([1, 3, 256, 256]), Targets: torch.Size([1, 1, 4])
2024-12-26 21:24:00,076 - DEBUG - Batch 1: Forward pass
2024-12-26 21:24:00,121 - DEBUG - Batch 1: Output shape - torch.Size([1, 4])
2024-12-26 21:24:00,130 - DEBUG - Batch 1: Loss computed - 43615.847656
2024-12-26 21:24:00,130 - DEBUG - Batch 1: Backward pass
2024-12-26 21:24:00,162 - DEBUG - Batch 1: Optimizer step
2024-12-26 21:24:00,166 - DEBUG - Input bbox1 (Center Format): tensor([[0.3072, 0.6014, 0.3610, 0.5228]], grad_fn=<SigmoidBackward0>)
2024-12-26 21:24:00,166 - DEBUG - Input bbox2 (Center Format): tensor([[[ 56.5000, 407.5000,  55.0000,  53.0000]]])
2024-12-26 21:24:00,166 - DEBUG - Input Bounding Boxes (Center Format): tensor([[0.3072, 0.6014, 0.3610, 0.5228]], grad_fn=<SigmoidBackward0>)
2024-12-26 21:24:00,166 - DEBUG - cx: 0.307155966758728, cy: 0.601413905620575, w: 0.36099275946617126, h: 0.5228236317634583
2024-12-26 21:24:00,167 - DEBUG - Converted Bounding Boxes (Corner Format): tensor([[0.1267, 0.3400, 0.4877, 0.8628]], grad_fn=<CatBackward0>)
